49760:
#
# JRE version: OpenJDK Runtime Environment Zulu21.36+17-CA (21.0.4+7) (build 21.0.4+7-LTS)
# Java VM: OpenJDK 64-Bit Server VM Zulu21.36+17-CA (21.0.4+7-LTS, mixed mode, sharing, tiered, compressed oops, compressed class ptrs, g1 gc, linux-amd64)

---------------  S U M M A R Y ------------

Command Line: target/opencsv-test-0.0.1-SNAPSHOT.jar

Host: Intel(R) Core(TM) i7-7700HQ CPU @ 2.80GHz, 8 cores, 15G, Linux Mint 22 Wilma
Time: Fri Sep 13 06:36:56 2024 +08 elapsed time: 72.155727 seconds (0d 0h 1m 12s)

---------------  P R O C E S S  ---------------

Heap address: 0x000000070a400000, size: 3932 MB, Compressed Oops mode: Zero based, Oop shift amount: 3

CDS archive(s) mapped at: [0x000071a9eb000000-0x000071a9ebd0c000-0x000071a9ebd0c000), size 13680640, SharedBaseAddress: 0x000071a9eb000000, ArchiveRelocationMode: 1.
Compressed class space mapped at: 0x000071a9ec000000-0x000071aa2c000000, reserved size: 1073741824
Narrow klass base: 0x000071a9eb000000, Narrow klass shift: 0, Narrow klass range: 0x100000000

GC Precious Log:
 CardTable entry size: 512
 Card Set container configuration: InlinePtr #cards 4 size 8 Array Of Cards #cards 16 size 48 Howl #buckets 8 coarsen threshold 3686 Howl Bitmap #cards 512 size 80 coarsen threshold 460 Card regions per heap region 1 cards per card region 4096
 CPUs: 8 total, 8 available
 Memory: 15720M
 Large Page Support: Disabled
 NUMA Support: Disabled
 Compressed Oops: Enabled (Zero based)
 Heap Region Size: 2M
 Heap Min Capacity: 8M
 Heap Initial Capacity: 246M
 Heap Max Capacity: 3932M
 Pre-touch: Disabled
 Parallel Workers: 8
 Concurrent Workers: 2
 Concurrent Refinement Workers: 8
 Periodic GC: Disabled

Heap:
 garbage-first heap   total 45056K, used 35101K [0x000000070a400000, 0x0000000800000000)
  region size 2048K, 13 young (26624K), 2 survivors (4096K)
 Metaspace       used 29831K, committed 30400K, reserved 1114112K
  class space    used 3646K, committed 3904K, reserved 1048576K

Heap Regions: E=young(eden), S=young(survivor), O=old, HS=humongous(starts), HC=humongous(continues), CS=collection set, F=free, TAMS=top-at-mark-start, PB=parsable bottom
|   0|0x000000070a400000, 0x000000070a600000, 0x000000070a600000|100%| O|  |TAMS 0x000000070a400000| PB 0x000000070a400000| Untracked 
|   1|0x000000070a600000, 0x000000070a800000, 0x000000070a800000|100%| O|  |TAMS 0x000000070a600000| PB 0x000000070a600000| Untracked 
|   2|0x000000070a800000, 0x000000070aa00000, 0x000000070aa00000|100%| O|  |TAMS 0x000000070a800000| PB 0x000000070a800000| Untracked 
|   3|0x000000070aa00000, 0x000000070ac00000, 0x000000070ac00000|100%| O|  |TAMS 0x000000070aa00000| PB 0x000000070aa00000| Untracked 
|   4|0x000000070ac00000, 0x000000070aca1400, 0x000000070ae00000| 31%| O|  |TAMS 0x000000070ac00000| PB 0x000000070ac00000| Untracked 
|   5|0x000000070ae00000, 0x000000070ae00000, 0x000000070b000000|  0%| F|  |TAMS 0x000000070ae00000| PB 0x000000070ae00000| Untracked 
|   6|0x000000070b000000, 0x000000070b1a6340, 0x000000070b200000| 82%| S|CS|TAMS 0x000000070b000000| PB 0x000000070b000000| Complete 
|   7|0x000000070b200000, 0x000000070b400000, 0x000000070b400000|100%| S|CS|TAMS 0x000000070b200000| PB 0x000000070b200000| Complete 
|   8|0x000000070b400000, 0x000000070b400000, 0x000000070b600000|  0%| F|  |TAMS 0x000000070b400000| PB 0x000000070b400000| Untracked 
|   9|0x000000070b600000, 0x000000070b600000, 0x000000070b800000|  0%| F|  |TAMS 0x000000070b600000| PB 0x000000070b600000| Untracked 
|  10|0x000000070b800000, 0x000000070b800000, 0x000000070ba00000|  0%| F|  |TAMS 0x000000070b800000| PB 0x000000070b800000| Untracked 
|  11|0x000000070ba00000, 0x000000070bc00000, 0x000000070bc00000|100%| E|  |TAMS 0x000000070ba00000| PB 0x000000070ba00000| Complete 
|  12|0x000000070bc00000, 0x000000070be00000, 0x000000070be00000|100%| E|CS|TAMS 0x000000070bc00000| PB 0x000000070bc00000| Complete 
|  13|0x000000070be00000, 0x000000070c000000, 0x000000070c000000|100%| E|CS|TAMS 0x000000070be00000| PB 0x000000070be00000| Complete 
|  14|0x000000070c000000, 0x000000070c200000, 0x000000070c200000|100%| E|CS|TAMS 0x000000070c000000| PB 0x000000070c000000| Complete 
|  83|0x0000000714a00000, 0x0000000714c00000, 0x0000000714c00000|100%| E|CS|TAMS 0x0000000714a00000| PB 0x0000000714a00000| Complete 
|  84|0x0000000714c00000, 0x0000000714e00000, 0x0000000714e00000|100%| E|CS|TAMS 0x0000000714c00000| PB 0x0000000714c00000| Complete 
|  85|0x0000000714e00000, 0x0000000715000000, 0x0000000715000000|100%| E|CS|TAMS 0x0000000714e00000| PB 0x0000000714e00000| Complete 
|  86|0x0000000715000000, 0x0000000715200000, 0x0000000715200000|100%| E|CS|TAMS 0x0000000715000000| PB 0x0000000715000000| Complete 
| 121|0x0000000719600000, 0x0000000719800000, 0x0000000719800000|100%| E|CS|TAMS 0x0000000719600000| PB 0x0000000719600000| Complete 
| 122|0x0000000719800000, 0x0000000719a00000, 0x0000000719a00000|100%| E|CS|TAMS 0x0000000719800000| PB 0x0000000719800000| Complete 
|1965|0x00000007ffe00000, 0x0000000800000000, 0x0000000800000000|100%| E|CS|TAMS 0x00000007ffe00000| PB 0x00000007ffe00000| Complete 

Card table byte_map: [0x000071aa4fe00000,0x000071aa505ae000] _byte_map_base: 0x000071aa4c5ae000

Marking Bits: (CMBitMap*) 0x000071aa68092c60
 Bits: [0x000071aa4c000000, 0x000071aa4fd70000)

Polling page: 0x000071aa6f485000

Metaspace:

Usage:
  Non-class:     25.57 MB used.
      Class:      3.56 MB used.
       Both:     29.13 MB used.

Virtual space:
  Non-class space:       64.00 MB reserved,      25.88 MB ( 40%) committed,  1 nodes.
      Class space:        1.00 GB reserved,       3.81 MB ( <1%) committed,  1 nodes.
             Both:        1.06 GB reserved,      29.69 MB (  3%) committed. 

Chunk freelists:
   Non-Class:  6.14 MB
       Class:  12.12 MB
        Both:  18.27 MB

MaxMetaspaceSize: unlimited
CompressedClassSpaceSize: 1.00 GB
Initial GC threshold: 21.00 MB
Current GC threshold: 35.31 MB
CDS: on
 - commit_granule_bytes: 65536.
 - commit_granule_words: 8192.
 - virtual_space_node_default_size: 8388608.
 - enlarge_chunks_in_place: 1.
 - use_allocation_guard: 0.


Internal statistics:

num_allocs_failed_limit: 3.
num_arena_births: 690.
num_arena_deaths: 0.
num_vsnodes_births: 2.
num_vsnodes_deaths: 0.
num_space_committed: 475.
num_space_uncommitted: 0.
num_chunks_returned_to_freelist: 3.
num_chunks_taken_from_freelist: 1766.
num_chunk_merges: 3.
num_chunk_splits: 1183.
num_chunks_enlarged: 843.
num_inconsistent_stats: 0.

CodeHeap 'non-profiled nmethods': size=120028Kb used=2702Kb max_used=2702Kb free=117325Kb
 bounds [0x000071aa580c9000, 0x000071aa58379000, 0x000071aa5f600000]
CodeHeap 'profiled nmethods': size=120028Kb used=7786Kb max_used=7786Kb free=112241Kb
 bounds [0x000071aa50600000, 0x000071aa50da0000, 0x000071aa57b37000]
CodeHeap 'non-nmethods': size=5704Kb used=1453Kb max_used=1552Kb free=4250Kb
 bounds [0x000071aa57b37000, 0x000071aa57da7000, 0x000071aa580c9000]
 total_blobs=4522 nmethods=3968 adapters=459
 compilation: enabled
              stopped_count=0, restarted_count=0
 full_count=0

Compilation events (20 events):
Event: 58.892 Thread 0x000071aa68181980 3958       3       java.util.concurrent.ScheduledThreadPoolExecutor$ScheduledFutureTask::compareTo (101 bytes)
Event: 58.893 Thread 0x000071aa68181980 nmethod 3958 0x000071aa50d94d90 code [0x000071aa50d94fa0, 0x000071aa50d956e8]
Event: 64.892 Thread 0x000071aa68181980 3959       3       java.util.concurrent.TimeUnit::convert (73 bytes)
Event: 64.892 Thread 0x000071aa68181980 nmethod 3959 0x000071aa50d95890 code [0x000071aa50d95aa0, 0x000071aa50d95e48]
Event: 67.895 Thread 0x000071aa68181980 3961       3       java.util.concurrent.ThreadPoolExecutor::isShutdown (12 bytes)
Event: 67.895 Thread 0x000071aa68181980 nmethod 3961 0x000071aa50d96010 code [0x000071aa50d961a0, 0x000071aa50d96380]
Event: 68.892 Thread 0x000071aa68181980 3962   !   3       java.util.concurrent.locks.AbstractQueuedSynchronizer::acquire (424 bytes)
Event: 68.895 Thread 0x000071aa68181980 nmethod 3962 0x000071aa50d96490 code [0x000071aa50d96840, 0x000071aa50d981b0]
Event: 68.895 Thread 0x000071aa68181980 3963       3       java.util.concurrent.locks.AbstractQueuedSynchronizer$Node::<init> (5 bytes)
Event: 68.895 Thread 0x000071aa68181980 nmethod 3963 0x000071aa50d98990 code [0x000071aa50d98b20, 0x000071aa50d98c80]
Event: 69.892 Thread 0x000071aa68181980 3965       3       java.util.concurrent.locks.AbstractQueuedSynchronizer$ConditionNode::isReleasable (23 bytes)
Event: 69.892 Thread 0x000071aa68181980 nmethod 3965 0x000071aa50d98d10 code [0x000071aa50d98ea0, 0x000071aa50d990f0]
Event: 69.970 Thread 0x000071aa68181980 3966       3       java.util.concurrent.ConcurrentHashMap$KeySetView::iterator (34 bytes)
Event: 69.970 Thread 0x000071aa68181980 nmethod 3966 0x000071aa50d99190 code [0x000071aa50d99340, 0x000071aa50d99578]
Event: 69.970 Thread 0x000071aa68181980 3967       3       java.util.concurrent.ConcurrentHashMap$KeyIterator::<init> (12 bytes)
Event: 69.970 Thread 0x000071aa68181980 nmethod 3967 0x000071aa50d99690 code [0x000071aa50d99820, 0x000071aa50d99958]
Event: 70.892 Thread 0x000071aa68181980 3968       3       java.util.concurrent.ScheduledThreadPoolExecutor::canRunInCurrentRunState (61 bytes)
Event: 70.893 Thread 0x000071aa68181980 nmethod 3968 0x000071aa50d99a10 code [0x000071aa50d99c20, 0x000071aa50d9a3e8]
Event: 71.892 Thread 0x000071aa68181980 3969       3       jdk.internal.misc.Unsafe::putIntOpaque (9 bytes)
Event: 71.892 Thread 0x000071aa68181980 nmethod 3969 0x000071aa50d9a610 code [0x000071aa50d9a7a0, 0x000071aa50d9a8b0]

GC Heap History (10 events):
Event: 0.814 GC heap before
{Heap before GC invocations=0 (full 0):
 garbage-first heap   total 253952K, used 23595K [0x000000070a400000, 0x0000000800000000)
  region size 2048K, 11 young (22528K), 0 survivors (0K)
 Metaspace       used 4315K, committed 4544K, reserved 1114112K
  class space    used 455K, committed 576K, reserved 1048576K
}
Event: 0.820 GC heap after
{Heap after GC invocations=1 (full 0):
 garbage-first heap   total 253952K, used 2993K [0x000000070a400000, 0x0000000800000000)
  region size 2048K, 1 young (2048K), 1 survivors (2048K)
 Metaspace       used 4315K, committed 4544K, reserved 1114112K
  class space    used 455K, committed 576K, reserved 1048576K
}
Event: 2.144 GC heap before
{Heap before GC invocations=1 (full 0):
 garbage-first heap   total 253952K, used 62385K [0x000000070a400000, 0x0000000800000000)
  region size 2048K, 31 young (63488K), 1 survivors (2048K)
 Metaspace       used 14280K, committed 14592K, reserved 1114112K
  class space    used 1682K, committed 1792K, reserved 1048576K
}
Event: 2.152 GC heap after
{Heap after GC invocations=2 (full 0):
 garbage-first heap   total 253952K, used 6015K [0x000000070a400000, 0x0000000800000000)
  region size 2048K, 3 young (6144K), 3 survivors (6144K)
 Metaspace       used 14280K, committed 14592K, reserved 1114112K
  class space    used 1682K, committed 1792K, reserved 1048576K
}
Event: 3.386 GC heap before
{Heap before GC invocations=2 (full 0):
 garbage-first heap   total 253952K, used 69503K [0x000000070a400000, 0x0000000800000000)
  region size 2048K, 36 young (73728K), 3 survivors (6144K)
 Metaspace       used 21099K, committed 21504K, reserved 1114112K
  class space    used 2522K, committed 2752K, reserved 1048576K
}
Event: 3.399 GC heap after
{Heap after GC invocations=3 (full 0):
 garbage-first heap   total 253952K, used 9259K [0x000000070a400000, 0x0000000800000000)
  region size 2048K, 4 young (8192K), 4 survivors (8192K)
 Metaspace       used 21099K, committed 21504K, reserved 1114112K
  class space    used 2522K, committed 2752K, reserved 1048576K
}
Event: 4.005 GC heap before
{Heap before GC invocations=4 (full 0):
 garbage-first heap   total 34816K, used 33835K [0x000000070a400000, 0x0000000800000000)
  region size 2048K, 16 young (32768K), 4 survivors (8192K)
 Metaspace       used 24499K, committed 24960K, reserved 1114112K
  class space    used 2991K, committed 3200K, reserved 1048576K
}
Event: 4.024 GC heap after
{Heap after GC invocations=5 (full 0):
 garbage-first heap   total 45056K, used 11307K [0x000000070a400000, 0x0000000800000000)
  region size 2048K, 5 young (10240K), 5 survivors (10240K)
 Metaspace       used 24499K, committed 24960K, reserved 1114112K
  class space    used 2991K, committed 3200K, reserved 1048576K
}
Event: 4.455 GC heap before
{Heap before GC invocations=5 (full 0):
 garbage-first heap   total 45056K, used 27691K [0x000000070a400000, 0x0000000800000000)
  region size 2048K, 13 young (26624K), 5 survivors (10240K)
 Metaspace       used 26752K, committed 27200K, reserved 1114112K
  class space    used 3255K, committed 3456K, reserved 1048576K
}
Event: 4.472 GC heap after
{Heap after GC invocations=6 (full 0):
 garbage-first heap   total 45056K, used 12573K [0x000000070a400000, 0x0000000800000000)
  region size 2048K, 2 young (4096K), 2 survivors (4096K)
 Metaspace       used 26752K, committed 27200K, reserved 1114112K
  class space    used 3255K, committed 3456K, reserved 1048576K
}

Dll operation events (10 events):
Event: 0.002 Loaded shared library /home/roshane/.sdkman/candidates/java/21.0.4-zulu/lib/libjava.so
Event: 0.046 Loaded shared library /home/roshane/.sdkman/candidates/java/21.0.4-zulu/lib/libjsvml.so
Event: 0.052 Loaded shared library /home/roshane/.sdkman/candidates/java/21.0.4-zulu/lib/libnio.so
Event: 0.056 Loaded shared library /home/roshane/.sdkman/candidates/java/21.0.4-zulu/lib/libzip.so
Event: 0.122 Loaded shared library /home/roshane/.sdkman/candidates/java/21.0.4-zulu/lib/libjimage.so
Event: 0.201 Loaded shared library /home/roshane/.sdkman/candidates/java/21.0.4-zulu/lib/libnet.so
Event: 0.635 Loaded shared library /home/roshane/.sdkman/candidates/java/21.0.4-zulu/lib/libverify.so
Event: 4.857 Loaded shared library /home/roshane/.sdkman/candidates/java/21.0.4-zulu/lib/libextnet.so
Event: 4.926 Loaded shared library /home/roshane/.sdkman/candidates/java/21.0.4-zulu/lib/libmanagement.so
Event: 4.929 Loaded shared library /home/roshane/.sdkman/candidates/java/21.0.4-zulu/lib/libmanagement_ext.so

Deoptimization events (20 events):
Event: 4.795 Thread 0x000071aa6802ab70 Uncommon trap: trap_request=0xffffff76 fr.pc=0x000071aa5831f514 relative=0x0000000000000af4
Event: 4.795 Thread 0x000071aa6802ab70 Uncommon trap: reason=predicate action=maybe_recompile pc=0x000071aa5831f514 method=java.util.AbstractCollection.toArray([Ljava/lang/Object;)[Ljava/lang/Object; @ 43 c2
Event: 4.795 Thread 0x000071aa6802ab70 DEOPT PACKING pc=0x000071aa5831f514 sp=0x000071aa6db13380
Event: 4.795 Thread 0x000071aa6802ab70 DEOPT UNPACKING pc=0x000071aa57b8af99 sp=0x000071aa6db13348 mode 2
Event: 4.802 Thread 0x000071aa6802ab70 Uncommon trap: trap_request=0xffffffc6 fr.pc=0x000071aa58273558 relative=0x0000000000002e98
Event: 4.802 Thread 0x000071aa6802ab70 Uncommon trap: reason=bimorphic_or_optimized_type_check action=maybe_recompile pc=0x000071aa58273558 method=java.net.URL.openConnection()Ljava/net/URLConnection; @ 5 c2
Event: 4.802 Thread 0x000071aa6802ab70 DEOPT PACKING pc=0x000071aa58273558 sp=0x000071aa6db13ff0
Event: 4.802 Thread 0x000071aa6802ab70 DEOPT UNPACKING pc=0x000071aa57b8af99 sp=0x000071aa6db13ff8 mode 2
Event: 4.804 Thread 0x000071aa6802ab70 Uncommon trap: trap_request=0xffffffc6 fr.pc=0x000071aa58273558 relative=0x0000000000002e98
Event: 4.804 Thread 0x000071aa6802ab70 Uncommon trap: reason=bimorphic_or_optimized_type_check action=maybe_recompile pc=0x000071aa58273558 method=java.net.URL.openConnection()Ljava/net/URLConnection; @ 5 c2
Event: 4.804 Thread 0x000071aa6802ab70 DEOPT PACKING pc=0x000071aa58273558 sp=0x000071aa6db13ea0
Event: 4.804 Thread 0x000071aa6802ab70 DEOPT UNPACKING pc=0x000071aa57b8af99 sp=0x000071aa6db13ea8 mode 2
Event: 4.806 Thread 0x000071aa6802ab70 Uncommon trap: trap_request=0xffffffc6 fr.pc=0x000071aa58273558 relative=0x0000000000002e98
Event: 4.806 Thread 0x000071aa6802ab70 Uncommon trap: reason=bimorphic_or_optimized_type_check action=maybe_recompile pc=0x000071aa58273558 method=java.net.URL.openConnection()Ljava/net/URLConnection; @ 5 c2
Event: 4.806 Thread 0x000071aa6802ab70 DEOPT PACKING pc=0x000071aa58273558 sp=0x000071aa6db13e60
Event: 4.806 Thread 0x000071aa6802ab70 DEOPT UNPACKING pc=0x000071aa57b8af99 sp=0x000071aa6db13e68 mode 2
Event: 4.842 Thread 0x000071aa6802ab70 Uncommon trap: trap_request=0xffffff45 fr.pc=0x000071aa5818ec70 relative=0x0000000000000070
Event: 4.842 Thread 0x000071aa6802ab70 Uncommon trap: reason=unstable_if action=reinterpret pc=0x000071aa5818ec70 method=org.springframework.util.ConcurrentReferenceHashMap$Segment.clear()V @ 7 c2
Event: 4.842 Thread 0x000071aa6802ab70 DEOPT PACKING pc=0x000071aa5818ec70 sp=0x000071aa6db15080
Event: 4.842 Thread 0x000071aa6802ab70 DEOPT UNPACKING pc=0x000071aa57b8af99 sp=0x000071aa6db15030 mode 2

Classes loaded (20 events):
Event: 4.932 Loading class sun/management/ManagementFactoryHelper$LoggingMXBeanAccess$1
Event: 4.932 Loading class sun/management/ManagementFactoryHelper$LoggingMXBeanAccess$1 done
Event: 4.932 Loading class java/lang/management/DefaultPlatformMBeanProvider$9
Event: 4.932 Loading class java/lang/management/DefaultPlatformMBeanProvider$9 done
Event: 4.932 Loading class java/lang/management/DefaultPlatformMBeanProvider$10
Event: 4.932 Loading class java/lang/management/DefaultPlatformMBeanProvider$10 done
Event: 4.932 Loading class java/lang/management/DefaultPlatformMBeanProvider$11
Event: 4.933 Loading class java/lang/management/DefaultPlatformMBeanProvider$11 done
Event: 4.933 Loading class jdk/management/jfr/FlightRecorderMXBean
Event: 4.933 Loading class jdk/management/jfr/FlightRecorderMXBean done
Event: 4.933 Loading class jdk/management/jfr/internal/FlightRecorderMXBeanProvider$SingleMBeanComponent
Event: 4.933 Loading class jdk/management/jfr/internal/FlightRecorderMXBeanProvider$SingleMBeanComponent done
Event: 4.933 Loading class sun/management/RuntimeImpl
Event: 4.934 Loading class sun/management/RuntimeImpl done
Event: 4.934 Loading class java/util/Collections$2
Event: 4.934 Loading class java/util/Collections$2 done
Event: 4.938 Loading class java/util/IdentityHashMap$KeySpliterator
Event: 4.939 Loading class java/util/IdentityHashMap$IdentityHashMapSpliterator
Event: 4.939 Loading class java/util/IdentityHashMap$IdentityHashMapSpliterator done
Event: 4.939 Loading class java/util/IdentityHashMap$KeySpliterator done

Classes unloaded (0 events):
No events

Classes redefined (0 events):
No events

Internal exceptions (20 events):
Event: 3.811 Thread 0x000071aa6802ab70 Exception <a 'java/lang/IncompatibleClassChangeError'{0x000000070adc6968}: Found class java.lang.Object, but interface was expected> (0x000000070adc6968) 
thrown [src/hotspot/share/interpreter/linkResolver.cpp, line 840]
Event: 3.813 Thread 0x000071aa6802ab70 Exception <a 'java/lang/NoSuchMethodError'{0x000000070add48a0}: 'int java.lang.invoke.DirectMethodHandle$Holder.invokeSpecialIFC(java.lang.Object, java.lang.Object, java.lang.Object)'> (0x000000070add48a0) 
thrown [src/hotspot/share/interpreter/linkResolver.cpp, line 772]
Event: 3.815 Thread 0x000071aa6802ab70 Exception <a 'java/lang/NoSuchMethodError'{0x000000070ade95f8}: 'void java.lang.invoke.DirectMethodHandle$Holder.invokeStatic(java.lang.Object, int, java.lang.Object)'> (0x000000070ade95f8) 
thrown [src/hotspot/share/interpreter/linkResolver.cpp, line 772]
Event: 3.823 Thread 0x000071aa6802ab70 Exception <a 'java/lang/NoSuchMethodError'{0x000000070aa24ec0}: 'void java.lang.invoke.DirectMethodHandle$Holder.invokeStatic(java.lang.Object, java.lang.Object, java.lang.Object, int, java.lang.Object)'> (0x000000070aa24ec0) 
thrown [src/hotspot/share/interpreter/linkResolver.cpp, line 772]
Event: 3.824 Thread 0x000071aa6802ab70 Exception <a 'java/lang/NoSuchMethodError'{0x000000070aa2b740}: 'java.lang.Object java.lang.invoke.DirectMethodHandle$Holder.newInvokeSpecial(java.lang.Object, java.lang.Object, java.lang.Object, int)'> (0x000000070aa2b740) 
thrown [src/hotspot/share/interpreter/linkResolver.cpp, line 772]
Event: 3.824 Thread 0x000071aa6802ab70 Exception <a 'java/lang/NoSuchMethodError'{0x000000070aa2f540}: 'java.lang.Object java.lang.invoke.DirectMethodHandle$Holder.invokeSpecial(java.lang.Object, java.lang.Object, java.lang.Object, java.lang.Object, int)'> (0x000000070aa2f540) 
thrown [src/hotspot/share/interpreter/linkResolver.cpp, line 772]
Event: 3.825 Thread 0x000071aa6802ab70 Exception <a 'java/lang/NoSuchMethodError'{0x000000070aa329c8}: 'java.lang.Object java.lang.invoke.Invokers$Holder.linkToTargetMethod(java.lang.Object, java.lang.Object, int, java.lang.Object)'> (0x000000070aa329c8) 
thrown [src/hotspot/share/interpreter/linkResolver.cpp, line 772]
Event: 4.097 Thread 0x000071aa6802ab70 Exception <a 'java/lang/NoSuchMethodError'{0x00000007197ef2f8}: 'int java.lang.invoke.DirectMethodHandle$Holder.invokeVirtual(java.lang.Object, java.lang.Object, java.lang.Object, java.lang.Object)'> (0x00000007197ef2f8) 
thrown [src/hotspot/share/interpreter/linkResolver.cpp, line 772]
Event: 4.099 Thread 0x000071aa6802ab70 Exception <a 'java/lang/NoSuchMethodError'{0x00000007197f2d40}: 'int java.lang.invoke.DelegatingMethodHandle$Holder.reinvoke_L(java.lang.Object, java.lang.Object, java.lang.Object, java.lang.Object)'> (0x00000007197f2d40) 
thrown [src/hotspot/share/interpreter/linkResolver.cpp, line 772]
Event: 4.185 Thread 0x000071aa6802ab70 Exception <a 'java/lang/ClassNotFoundException'{0x0000000714e0cd58}: org/springframework/boot/loader/net/protocol/nested/Handler> (0x0000000714e0cd58) 
thrown [src/hotspot/share/classfile/systemDictionary.cpp, line 315]
Event: 4.220 Thread 0x000071aa6802ab70 Exception <a 'java/lang/NoSuchMethodError'{0x0000000714f9ff68}: 'int java.lang.invoke.DirectMethodHandle$Holder.invokeInterface(java.lang.Object, java.lang.Object, java.lang.Object, java.lang.Object)'> (0x0000000714f9ff68) 
thrown [src/hotspot/share/interpreter/linkResolver.cpp, line 772]
Event: 4.314 Thread 0x000071aa6802ab70 Exception <a 'java/lang/NoSuchMethodError'{0x0000000714b34590}: 'long java.lang.invoke.DirectMethodHandle$Holder.invokeVirtual(java.lang.Object, java.lang.Object)'> (0x0000000714b34590) 
thrown [src/hotspot/share/interpreter/linkResolver.cpp, line 772]
Event: 4.362 Thread 0x000071aa6802ab70 Exception <a 'java/lang/NoSuchMethodError'{0x000000070b69ef18}: 'void java.lang.invoke.Invokers$Holder.invokeExact_MT(java.lang.Object, java.lang.Object, java.lang.Object, java.lang.Object)'> (0x000000070b69ef18) 
thrown [src/hotspot/share/interpreter/linkResolver.cpp, line 772]
Event: 4.432 Thread 0x000071aa6802ab70 Exception <a 'java/lang/NoSuchMethodError'{0x000000070b511358}: 'java.lang.Object java.lang.invoke.DirectMethodHandle$Holder.newInvokeSpecial(java.lang.Object, java.lang.Object, java.lang.Object, java.lang.Object, java.lang.Object, java.lang.Object)'> (0x000000070b511358) 
thrown [src/hotspot/share/interpreter/linkResolver.cpp, line 772]
Event: 4.442 Thread 0x000071aa6802ab70 Exception <a 'java/lang/NoSuchMethodError'{0x000000070b581988}: 'java.lang.Object java.lang.invoke.DirectMethodHandle$Holder.newInvokeSpecial(java.lang.Object, java.lang.Object, java.lang.Object, java.lang.Object, java.lang.Object, java.lang.Object, java.lang.Object, java.lang.Object)'> (0x000000070b581988) 
thrown [src/hotspot/share/interpreter/linkResolver.cpp, line 772]
Event: 4.641 Thread 0x000071aa6802ab70 Exception <a 'java/lang/ClassNotFoundException'{0x0000000714e599f8}: org/springframework/boot/loader/net/protocol/jar/Handler> (0x0000000714e599f8) 
thrown [src/hotspot/share/classfile/systemDictionary.cpp, line 315]
Event: 4.676 Thread 0x000071aa6802ab70 Exception <a 'java/lang/IncompatibleClassChangeError'{0x0000000714c4f090}: Found class java.lang.Object, but interface was expected> (0x0000000714c4f090) 
thrown [src/hotspot/share/interpreter/linkResolver.cpp, line 840]
Event: 4.712 Thread 0x000071aa6802ab70 Exception <a 'java/lang/NoSuchMethodError'{0x0000000714a49bc8}: 'void java.lang.invoke.DirectMethodHandle$Holder.invokeVirtual(java.lang.Object, java.lang.Object, long)'> (0x0000000714a49bc8) 
thrown [src/hotspot/share/interpreter/linkResolver.cpp, line 772]
Event: 4.784 Thread 0x000071aa6802ab70 Exception <a 'java/lang/NoSuchMethodError'{0x000000070bf2c4a0}: 'int java.lang.invoke.DirectMethodHandle$Holder.invokeStaticInit(java.lang.Object, java.lang.Object, java.lang.Object, java.lang.Object)'> (0x000000070bf2c4a0) 
thrown [src/hotspot/share/interpreter/linkResolver.cpp, line 772]
Event: 4.846 Thread 0x000071aa6802ab70 Exception <a 'java/lang/NoSuchMethodError'{0x000000070bd84e68}: 'java.lang.Object java.lang.invoke.DirectMethodHandle$Holder.newInvokeSpecial(java.lang.Object, java.lang.Object, int, java.lang.Object, java.lang.Object)'> (0x000000070bd84e68) 
thrown [src/hotspot/share/interpreter/linkResolver.cpp, line 772]

ZGC Phase Switch (0 events):
No events

VM Operations (20 events):
Event: 4.737 Executing VM operation: HandshakeAllThreads (Deoptimize)
Event: 4.737 Executing VM operation: HandshakeAllThreads (Deoptimize) done
Event: 4.803 Executing VM operation: HandshakeAllThreads (Deoptimize)
Event: 4.803 Executing VM operation: HandshakeAllThreads (Deoptimize) done
Event: 4.804 Executing VM operation: HandshakeAllThreads (Deoptimize)
Event: 4.804 Executing VM operation: HandshakeAllThreads (Deoptimize) done
Event: 4.854 Executing VM operation: HandshakeAllThreads (Deoptimize)
Event: 4.854 Executing VM operation: HandshakeAllThreads (Deoptimize) done
Event: 4.890 Executing VM operation: HandshakeAllThreads (Deoptimize)
Event: 4.890 Executing VM operation: HandshakeAllThreads (Deoptimize) done
Event: 4.936 Executing VM operation: ICBufferFull
Event: 4.936 Executing VM operation: ICBufferFull done
Event: 5.936 Executing VM operation: Cleanup
Event: 5.936 Executing VM operation: Cleanup done
Event: 34.938 Executing VM operation: Cleanup
Event: 34.938 Executing VM operation: Cleanup done
Event: 60.083 Executing VM operation: HandshakeAllThreads (HandshakeForDeflation)
Event: 60.083 Executing VM operation: HandshakeAllThreads (HandshakeForDeflation) done
Event: 60.083 Executing VM operation: RendezvousGCThreads
Event: 60.083 Executing VM operation: RendezvousGCThreads done

Memory protections (20 events):
Event: 0.301 Protecting memory [0x000071aa48700000,0x000071aa48704000] with protection modes 0
Event: 1.621 Protecting memory [0x000071aa481fc000,0x000071aa48200000] with protection modes 0
Event: 2.402 Protecting memory [0x000071aa3ff00000,0x000071aa3ff04000] with protection modes 0
Event: 4.337 Protecting memory [0x000071aa481fc000,0x000071aa48200000] with protection modes 0
Event: 4.339 Protecting memory [0x000071aa3ff00000,0x000071aa3ff04000] with protection modes 0
Event: 4.352 Protecting memory [0x000071aa3fafd000,0x000071aa3fb01000] with protection modes 0
Event: 4.869 Protecting memory [0x000071aa3f9fd000,0x000071aa3fa01000] with protection modes 0
Event: 4.870 Protecting memory [0x000071aa3f8fd000,0x000071aa3f901000] with protection modes 0
Event: 4.870 Protecting memory [0x000071aa3f7fd000,0x000071aa3f801000] with protection modes 0
Event: 4.870 Protecting memory [0x000071aa3f6fd000,0x000071aa3f701000] with protection modes 0
Event: 4.871 Protecting memory [0x000071aa3f5fd000,0x000071aa3f601000] with protection modes 0
Event: 4.871 Protecting memory [0x000071aa3f4fd000,0x000071aa3f501000] with protection modes 0
Event: 4.872 Protecting memory [0x000071aa3f3fd000,0x000071aa3f401000] with protection modes 0
Event: 4.872 Protecting memory [0x000071aa3f2fd000,0x000071aa3f301000] with protection modes 0
Event: 4.873 Protecting memory [0x000071aa3f1fd000,0x000071aa3f201000] with protection modes 0
Event: 4.874 Protecting memory [0x000071aa3f0fd000,0x000071aa3f101000] with protection modes 0
Event: 4.889 Protecting memory [0x000071aa3effd000,0x000071aa3f001000] with protection modes 0
Event: 4.891 Protecting memory [0x000071aa3eefd000,0x000071aa3ef01000] with protection modes 0
Event: 4.943 Protecting memory [0x000071aa6da17000,0x000071aa6da1b000] with protection modes 0
Event: 16.446 Protecting memory [0x000071aa48800000,0x000071aa48804000] with protection modes 0

Nmethod flushes (0 events):
No events

Events (20 events):
Event: 4.336 Thread 0x000071aa6802ab70 Thread added: 0x000071aa68daab00
Event: 4.339 Thread 0x000071aa6802ab70 Thread added: 0x000071aa68dac1d0
Event: 4.352 Thread 0x000071aa6802ab70 Thread added: 0x000071aa68dad190
Event: 4.869 Thread 0x000071aa6802ab70 Thread added: 0x000071aa68eb73a0
Event: 4.870 Thread 0x000071aa6802ab70 Thread added: 0x000071aa68eb88a0
Event: 4.870 Thread 0x000071aa6802ab70 Thread added: 0x000071aa68eb99f0
Event: 4.870 Thread 0x000071aa6802ab70 Thread added: 0x000071aa68ebab50
Event: 4.871 Thread 0x000071aa6802ab70 Thread added: 0x000071aa68ebc170
Event: 4.871 Thread 0x000071aa6802ab70 Thread added: 0x000071aa68ebe150
Event: 4.871 Thread 0x000071aa6802ab70 Thread added: 0x000071aa68ebf780
Event: 4.872 Thread 0x000071aa6802ab70 Thread added: 0x000071aa68ec0dc0
Event: 4.873 Thread 0x000071aa6802ab70 Thread added: 0x000071aa68ec2400
Event: 4.874 Thread 0x000071aa6802ab70 Thread added: 0x000071aa68ec3980
Event: 4.889 Thread 0x000071aa6802ab70 Thread added: 0x000071aa68ec6bc0
Event: 4.891 Thread 0x000071aa6802ab70 Thread added: 0x000071aa68ecceb0
Event: 4.943 Thread 0x000071aa6802ab70 Thread exited: 0x000071aa6802ab70
Event: 4.943 Thread 0x000071aa6802ab70 Thread added: 0x000071aa6802ab70
Event: 6.892 Thread 0x000071a9980f51e0 Thread exited: 0x000071a9980f51e0
Event: 11.892 Thread 0x000071a9b01ba5b0 Thread exited: 0x000071a9b01ba5b0
Event: 16.446 Thread 0x000071aa6817bba0 Thread added: 0x000071a9c8000ff0


Dynamic libraries:
70a400000-70c200000 rw-p 00000000 00:00 0 
70c200000-714a00000 ---p 00000000 00:00 0 
714a00000-715200000 rw-p 00000000 00:00 0 
715200000-719600000 ---p 00000000 00:00 0 
719600000-719a00000 rw-p 00000000 00:00 0 
719a00000-7ffe00000 ---p 00000000 00:00 0 
7ffe00000-7fff0b000 rw-p 00d4d000 103:01 29755026                        /home/roshane/.sdkman/candidates/java/21.0.4-zulu/lib/server/classes.jsa
7fff0b000-800000000 rw-p 00000000 00:00 0 
62cbc7ed9000-62cbc7eda000 r-xp 00000000 103:01 29754951                  /home/roshane/.sdkman/candidates/java/21.0.4-zulu/bin/java
62cbc7edb000-62cbc7edc000 r--p 00001000 103:01 29754951                  /home/roshane/.sdkman/candidates/java/21.0.4-zulu/bin/java
62cbc7edc000-62cbc7edd000 rw-p 00002000 103:01 29754951                  /home/roshane/.sdkman/candidates/java/21.0.4-zulu/bin/java
62cbc9510000-62cbc9556000 rw-p 00000000 00:00 0                          [heap]
71a908000000-71a908021000 rw-p 00000000 00:00 0 
71a908021000-71a90c000000 ---p 00000000 00:00 0 
71a90c000000-71a90c021000 rw-p 00000000 00:00 0 
71a90c021000-71a910000000 ---p 00000000 00:00 0 
71a914000000-71a914021000 rw-p 00000000 00:00 0 
71a914021000-71a918000000 ---p 00000000 00:00 0 
71a918000000-71a918021000 rw-p 00000000 00:00 0 
71a918021000-71a91c000000 ---p 00000000 00:00 0 
71a920000000-71a920021000 rw-p 00000000 00:00 0 
71a920021000-71a924000000 ---p 00000000 00:00 0 
71a924000000-71a924021000 rw-p 00000000 00:00 0 
71a924021000-71a928000000 ---p 00000000 00:00 0 
71a92c000000-71a92c021000 rw-p 00000000 00:00 0 
71a92c021000-71a930000000 ---p 00000000 00:00 0 
71a930000000-71a930021000 rw-p 00000000 00:00 0 
71a930021000-71a934000000 ---p 00000000 00:00 0 
71a938000000-71a938021000 rw-p 00000000 00:00 0 
71a938021000-71a93c000000 ---p 00000000 00:00 0 
71a93c000000-71a93c021000 rw-p 00000000 00:00 0 
71a93c021000-71a940000000 ---p 00000000 00:00 0 
71a944000000-71a944021000 rw-p 00000000 00:00 0 
71a944021000-71a948000000 ---p 00000000 00:00 0 
71a948000000-71a948021000 rw-p 00000000 00:00 0 
71a948021000-71a94c000000 ---p 00000000 00:00 0 
71a950000000-71a950021000 rw-p 00000000 00:00 0 
71a950021000-71a954000000 ---p 00000000 00:00 0 
71a954000000-71a954021000 rw-p 00000000 00:00 0 
71a954021000-71a958000000 ---p 00000000 00:00 0 
71a95c000000-71a95c021000 rw-p 00000000 00:00 0 
71a95c021000-71a960000000 ---p 00000000 00:00 0 
71a960000000-71a960021000 rw-p 00000000 00:00 0 
71a960021000-71a964000000 ---p 00000000 00:00 0 
71a968000000-71a968021000 rw-p 00000000 00:00 0 
71a968021000-71a96c000000 ---p 00000000 00:00 0 
71a96c000000-71a96c021000 rw-p 00000000 00:00 0 
71a96c021000-71a970000000 ---p 00000000 00:00 0 
71a974000000-71a9742cb000 rw-p 00000000 00:00 0 
71a9742cb000-71a978000000 ---p 00000000 00:00 0 
71a978000000-71a978021000 rw-p 00000000 00:00 0 
71a978021000-71a97c000000 ---p 00000000 00:00 0 
71a980000000-71a980021000 rw-p 00000000 00:00 0 
71a980021000-71a984000000 ---p 00000000 00:00 0 
71a984000000-71a984021000 rw-p 00000000 00:00 0 
71a984021000-71a988000000 ---p 00000000 00:00 0 
71a98c000000-71a98c021000 rw-p 00000000 00:00 0 
71a98c021000-71a990000000 ---p 00000000 00:00 0 
71a990000000-71a990fa3000 rw-p 00000000 00:00 0 
71a990fa3000-71a994000000 ---p 00000000 00:00 0 
71a998000000-71a998e83000 rw-p 00000000 00:00 0 
71a998e83000-71a99c000000 ---p 00000000 00:00 0 
71a99c000000-71a99c021000 rw-p 00000000 00:00 0 
71a99c021000-71a9a0000000 ---p 00000000 00:00 0 
71a9a4000000-71a9a4021000 rw-p 00000000 00:00 0 
71a9a4021000-71a9a8000000 ---p 00000000 00:00 0 
71a9a8000000-71a9a8021000 rw-p 00000000 00:00 0 
71a9a8021000-71a9ac000000 ---p 00000000 00:00 0 
71a9b0000000-71a9b07d3000 rw-p 00000000 00:00 0 
71a9b07d3000-71a9b4000000 ---p 00000000 00:00 0 
71a9b4000000-71a9b4da6000 rw-p 00000000 00:00 0 
71a9b4da6000-71a9b8000000 ---p 00000000 00:00 0 
71a9bc000000-71a9bc021000 rw-p 00000000 00:00 0 
71a9bc021000-71a9c0000000 ---p 00000000 00:00 0 
71a9c0000000-71a9c0021000 rw-p 00000000 00:00 0 
71a9c0021000-71a9c4000000 ---p 00000000 00:00 0 
71a9c8000000-71a9c8021000 rw-p 00000000 00:00 0 
71a9c8021000-71a9cc000000 ---p 00000000 00:00 0 
71a9cc000000-71a9cc021000 rw-p 00000000 00:00 0 
71a9cc021000-71a9d0000000 ---p 00000000 00:00 0 
71a9d4000000-71a9d4021000 rw-p 00000000 00:00 0 
71a9d4021000-71a9d8000000 ---p 00000000 00:00 0 
71a9d8000000-71a9d8021000 rw-p 00000000 00:00 0 
71a9d8021000-71a9dc000000 ---p 00000000 00:00 0 
71a9e0000000-71a9e03f0000 rw-p 00000000 00:00 0 
71a9e03f0000-71a9e0ef0000 rw-p 00000000 00:00 0 
71a9e0ef0000-71a9e0ff0000 rw-p 00000000 00:00 0 
71a9e0ff0000-71a9e1370000 rw-p 00000000 00:00 0 
71a9e1370000-71a9e13f0000 rw-p 00000000 00:00 0 
71a9e13f0000-71a9e15b0000 rw-p 00000000 00:00 0 
71a9e15b0000-71a9e15f0000 rw-p 00000000 00:00 0 
71a9e15f0000-71a9e17b0000 rw-p 00000000 00:00 0 
71a9e17b0000-71a9e17f0000 rw-p 00000000 00:00 0 
71a9e17f0000-71a9e1960000 rw-p 00000000 00:00 0 
71a9e1960000-71a9e1980000 ---p 00000000 00:00 0 
71a9e1980000-71a9e1a00000 rw-p 00000000 00:00 0 
71a9e1a00000-71a9e4000000 ---p 00000000 00:00 0 
71a9e4000000-71a9e4021000 rw-p 00000000 00:00 0 
71a9e4021000-71a9e8000000 ---p 00000000 00:00 0 
71a9eb000000-71a9ebd0c000 rw-p 00001000 103:01 29755026                  /home/roshane/.sdkman/candidates/java/21.0.4-zulu/lib/server/classes.jsa
71a9ebd0c000-71a9ec000000 ---p 00000000 00:00 0 
71a9ec000000-71a9ec030000 rw-p 00000000 00:00 0 
71a9ec030000-71a9ec070000 rw-p 00000000 00:00 0 
71a9ec070000-71a9ec0f0000 rw-p 00000000 00:00 0 
71a9ec0f0000-71a9ec330000 rw-p 00000000 00:00 0 
71a9ec330000-71a9ec370000 rw-p 00000000 00:00 0 
71a9ec370000-71a9ec380000 ---p 00000000 00:00 0 
71a9ec380000-71a9ec3e0000 rw-p 00000000 00:00 0 
71a9ec3e0000-71aa2c000000 ---p 00000000 00:00 0 
71aa2c000000-71aa2c021000 rw-p 00000000 00:00 0 
71aa2c021000-71aa30000000 ---p 00000000 00:00 0 
71aa34000000-71aa34021000 rw-p 00000000 00:00 0 
71aa34021000-71aa38000000 ---p 00000000 00:00 0 
71aa38000000-71aa38021000 rw-p 00000000 00:00 0 
71aa38021000-71aa3c000000 ---p 00000000 00:00 0 
71aa3ec00000-71aa3eee1000 rw-p 00000000 00:00 0 
71aa3eefd000-71aa3ef01000 ---p 00000000 00:00 0 
71aa3ef01000-71aa3effd000 rw-p 00000000 00:00 0 
71aa3effd000-71aa3f001000 ---p 00000000 00:00 0 
71aa3f001000-71aa3f0fd000 rw-p 00000000 00:00 0 
71aa3f0fd000-71aa3f101000 ---p 00000000 00:00 0 
71aa3f101000-71aa3f1fd000 rw-p 00000000 00:00 0 
71aa3f1fd000-71aa3f201000 ---p 00000000 00:00 0 
71aa3f201000-71aa3f2fd000 rw-p 00000000 00:00 0 
71aa3f2fd000-71aa3f301000 ---p 00000000 00:00 0 
71aa3f301000-71aa3f3fd000 rw-p 00000000 00:00 0 
71aa3f3fd000-71aa3f401000 ---p 00000000 00:00 0 
71aa3f401000-71aa3f4fd000 rw-p 00000000 00:00 0 
71aa3f4fd000-71aa3f501000 ---p 00000000 00:00 0 
71aa3f501000-71aa3f5fd000 rw-p 00000000 00:00 0 
71aa3f5fd000-71aa3f601000 ---p 00000000 00:00 0 
71aa3f601000-71aa3f6fd000 rw-p 00000000 00:00 0 
71aa3f6fd000-71aa3f701000 ---p 00000000 00:00 0 
71aa3f701000-71aa3f7fd000 rw-p 00000000 00:00 0 
71aa3f7fd000-71aa3f801000 ---p 00000000 00:00 0 
71aa3f801000-71aa3f8fd000 rw-p 00000000 00:00 0 
71aa3f8fd000-71aa3f901000 ---p 00000000 00:00 0 
71aa3f901000-71aa3f9fd000 rw-p 00000000 00:00 0 
71aa3f9fd000-71aa3fa01000 ---p 00000000 00:00 0 
71aa3fa01000-71aa3fafd000 rw-p 00000000 00:00 0 
71aa3fafd000-71aa3fb01000 ---p 00000000 00:00 0 
71aa3fb01000-71aa3fbfd000 rw-p 00000000 00:00 0 
71aa3fbfd000-71aa3fbfe000 ---p 00000000 00:00 0 
71aa3fbfe000-71aa3fcfe000 rw-p 00000000 00:00 0 
71aa3fcfe000-71aa3fcff000 ---p 00000000 00:00 0 
71aa3fcff000-71aa3fdff000 rw-p 00000000 00:00 0 
71aa3fdff000-71aa3fe00000 ---p 00000000 00:00 0 
71aa3fe00000-71aa3ff00000 rw-p 00000000 00:00 0 
71aa3ff00000-71aa3ff04000 ---p 00000000 00:00 0 
71aa3ff04000-71aa40000000 rw-p 00000000 00:00 0 
71aa40000000-71aa40021000 rw-p 00000000 00:00 0 
71aa40021000-71aa44000000 ---p 00000000 00:00 0 
71aa44000000-71aa44021000 rw-p 00000000 00:00 0 
71aa44021000-71aa48000000 ---p 00000000 00:00 0 
71aa480fb000-71aa480fc000 ---p 00000000 00:00 0 
71aa480fc000-71aa481fc000 rw-p 00000000 00:00 0 
71aa481fc000-71aa48200000 ---p 00000000 00:00 0 
71aa48200000-71aa482fc000 rw-p 00000000 00:00 0 
71aa482fc000-71aa482fd000 ---p 00000000 00:00 0 
71aa482fd000-71aa483fd000 rw-p 00000000 00:00 0 
71aa483fd000-71aa483fe000 ---p 00000000 00:00 0 
71aa483fe000-71aa484fe000 rw-p 00000000 00:00 0 
71aa484fe000-71aa484ff000 ---p 00000000 00:00 0 
71aa484ff000-71aa485ff000 rw-p 00000000 00:00 0 
71aa485ff000-71aa48600000 ---p 00000000 00:00 0 
71aa48600000-71aa48700000 rw-p 00000000 00:00 0 
71aa48700000-71aa48704000 ---p 00000000 00:00 0 
71aa48704000-71aa48800000 rw-p 00000000 00:00 0 
71aa48800000-71aa48804000 ---p 00000000 00:00 0 
71aa48804000-71aa48900000 rw-p 00000000 00:00 0 
71aa48900000-71aa48904000 ---p 00000000 00:00 0 
71aa48904000-71aa48a00000 rw-p 00000000 00:00 0 
71aa48a00000-71aa48a04000 ---p 00000000 00:00 0 
71aa48a04000-71aa48b00000 rw-p 00000000 00:00 0 
71aa48b00000-71aa48b04000 ---p 00000000 00:00 0 
71aa48b04000-71aa48c00000 rw-p 00000000 00:00 0 
71aa48c00000-71aa48c04000 ---p 00000000 00:00 0 
71aa48c04000-71aa48d00000 rw-p 00000000 00:00 0 
71aa48d00000-71aa48d04000 ---p 00000000 00:00 0 
71aa48d04000-71aa48e00000 rw-p 00000000 00:00 0 
71aa48e00000-71aa48e04000 ---p 00000000 00:00 0 
71aa48e04000-71aa48f00000 rw-p 00000000 00:00 0 
71aa48f00000-71aa48f04000 ---p 00000000 00:00 0 
71aa48f04000-71aa49000000 rw-p 00000000 00:00 0 
71aa49000000-71aa49004000 ---p 00000000 00:00 0 
71aa49004000-71aa49100000 rw-p 00000000 00:00 0 
71aa49100000-71aa49104000 ---p 00000000 00:00 0 
71aa49104000-71aa49200000 rw-p 00000000 00:00 0 
71aa49200000-71aa49775000 r--p 00000000 103:01 9059050                   /usr/lib/locale/locale-archive
71aa497f9000-71aa497fd000 ---p 00000000 00:00 0 
71aa497fd000-71aa498f9000 rw-p 00000000 00:00 0 
71aa498f9000-71aa498fa000 ---p 00000000 00:00 0 
71aa498fa000-71aa499fa000 rw-p 00000000 00:00 0 
71aa499fa000-71aa499fb000 ---p 00000000 00:00 0 
71aa499fb000-71aa49afb000 rw-p 00000000 00:00 0 
71aa49afb000-71aa49afc000 ---p 00000000 00:00 0 
71aa49afc000-71aa49bfc000 rw-p 00000000 00:00 0 
71aa49bfc000-71aa49bfd000 ---p 00000000 00:00 0 
71aa49bfd000-71aa49cfd000 rw-p 00000000 00:00 0 
71aa49cfd000-71aa4c078000 rw-p 00000000 00:00 0 
71aa4c078000-71aa4c298000 ---p 00000000 00:00 0 
71aa4c298000-71aa4c2b8000 rw-p 00000000 00:00 0 
71aa4c2b8000-71aa4c3c8000 ---p 00000000 00:00 0 
71aa4c3c8000-71aa4c3d8000 rw-p 00000000 00:00 0 
71aa4c3d8000-71aa4fd68000 ---p 00000000 00:00 0 
71aa4fd68000-71aa4fd70000 rw-p 00000000 00:00 0 
71aa4fe00000-71aa4fe0f000 rw-p 00000000 00:00 0 
71aa4fe0f000-71aa4fe53000 ---p 00000000 00:00 0 
71aa4fe53000-71aa4fe57000 rw-p 00000000 00:00 0 
71aa4fe57000-71aa4fe79000 ---p 00000000 00:00 0 
71aa4fe79000-71aa4fe7b000 rw-p 00000000 00:00 0 
71aa4fe7b000-71aa505ad000 ---p 00000000 00:00 0 
71aa505ad000-71aa505ae000 rw-p 00000000 00:00 0 
71aa50600000-71aa50da0000 rwxp 00000000 00:00 0 
71aa50da0000-71aa57b37000 ---p 00000000 00:00 0 
71aa57b37000-71aa57da7000 rwxp 00000000 00:00 0 
71aa57da7000-71aa580c9000 ---p 00000000 00:00 0 
71aa580c9000-71aa58379000 rwxp 00000000 00:00 0 
71aa58379000-71aa5f600000 ---p 00000000 00:00 0 
71aa5f600000-71aa67e04000 r--s 00000000 103:01 29754999                  /home/roshane/.sdkman/candidates/java/21.0.4-zulu/lib/modules
71aa67e11000-71aa67e18000 r--s 00000000 103:01 9048149                   /usr/lib/x86_64-linux-gnu/gconv/gconv-modules.cache
71aa67e18000-71aa67e1d000 r-xp 00000000 103:01 29755042                  /home/roshane/.sdkman/candidates/java/21.0.4-zulu/lib/libmanagement_ext.so
71aa67e1d000-71aa67e1e000 r--p 00005000 103:01 29755042                  /home/roshane/.sdkman/candidates/java/21.0.4-zulu/lib/libmanagement_ext.so
71aa67e1e000-71aa67e1f000 rw-p 00006000 103:01 29755042                  /home/roshane/.sdkman/candidates/java/21.0.4-zulu/lib/libmanagement_ext.so
71aa67e1f000-71aa67e2c000 r-xp 00000000 103:01 29755000                  /home/roshane/.sdkman/candidates/java/21.0.4-zulu/lib/libverify.so
71aa67e2c000-71aa67e2e000 r--p 0000c000 103:01 29755000                  /home/roshane/.sdkman/candidates/java/21.0.4-zulu/lib/libverify.so
71aa67e2e000-71aa67e2f000 rw-p 0000e000 103:01 29755000                  /home/roshane/.sdkman/candidates/java/21.0.4-zulu/lib/libverify.so
71aa67e2f000-71aa67efd000 r-xp 00000000 103:01 29754983                  /home/roshane/.sdkman/candidates/java/21.0.4-zulu/lib/libjsvml.so
71aa67efd000-71aa67efe000 r--p 000cd000 103:01 29754983                  /home/roshane/.sdkman/candidates/java/21.0.4-zulu/lib/libjsvml.so
71aa67efe000-71aa67eff000 rw-p 000ce000 103:01 29754983                  /home/roshane/.sdkman/candidates/java/21.0.4-zulu/lib/libjsvml.so
71aa67eff000-71aa68edd000 rw-p 00000000 00:00 0 
71aa68edd000-71aa6c000000 ---p 00000000 00:00 0 
71aa6c001000-71aa6c005000 r-xp 00000000 103:01 29755013                  /home/roshane/.sdkman/candidates/java/21.0.4-zulu/lib/libmanagement.so
71aa6c005000-71aa6c006000 r--p 00003000 103:01 29755013                  /home/roshane/.sdkman/candidates/java/21.0.4-zulu/lib/libmanagement.so
71aa6c006000-71aa6c007000 rw-p 00004000 103:01 29755013                  /home/roshane/.sdkman/candidates/java/21.0.4-zulu/lib/libmanagement.so
71aa6c007000-71aa6c01b000 r-xp 00000000 103:01 29755017                  /home/roshane/.sdkman/candidates/java/21.0.4-zulu/lib/libnio.so
71aa6c01b000-71aa6c01c000 r--p 00013000 103:01 29755017                  /home/roshane/.sdkman/candidates/java/21.0.4-zulu/lib/libnio.so
71aa6c01c000-71aa6c01d000 rw-p 00014000 103:01 29755017                  /home/roshane/.sdkman/candidates/java/21.0.4-zulu/lib/libnio.so
71aa6c01d000-71aa6c4fd000 rw-p 00000000 00:00 0 
71aa6c4fd000-71aa6c4fe000 ---p 00000000 00:00 0 
71aa6c4fe000-71aa6c5fe000 rw-p 00000000 00:00 0 
71aa6c5fe000-71aa6c5ff000 ---p 00000000 00:00 0 
71aa6c5ff000-71aa6c6ff000 rw-p 00000000 00:00 0 
71aa6c6ff000-71aa6c700000 ---p 00000000 00:00 0 
71aa6c700000-71aa6c800000 rw-p 00000000 00:00 0 
71aa6c800000-71aa6c80f000 rw-p 00000000 00:00 0 
71aa6c80f000-71aa6c853000 ---p 00000000 00:00 0 
71aa6c853000-71aa6c857000 rw-p 00000000 00:00 0 
71aa6c857000-71aa6c879000 ---p 00000000 00:00 0 
71aa6c879000-71aa6c87b000 rw-p 00000000 00:00 0 
71aa6c87b000-71aa6cfad000 ---p 00000000 00:00 0 
71aa6cfad000-71aa6cfae000 rw-p 00000000 00:00 0 
71aa6cfb0000-71aa6cfb7000 r-xp 00000000 103:01 29755002                  /home/roshane/.sdkman/candidates/java/21.0.4-zulu/lib/libzip.so
71aa6cfb7000-71aa6cfb8000 ---p 00007000 103:01 29755002                  /home/roshane/.sdkman/candidates/java/21.0.4-zulu/lib/libzip.so
71aa6cfb8000-71aa6cfb9000 r--p 00007000 103:01 29755002                  /home/roshane/.sdkman/candidates/java/21.0.4-zulu/lib/libzip.so
71aa6cfb9000-71aa6cfba000 rw-p 00008000 103:01 29755002                  /home/roshane/.sdkman/candidates/java/21.0.4-zulu/lib/libzip.so
71aa6cfba000-71aa6d847000 rw-p 00000000 00:00 0 
71aa6d847000-71aa6d92c000 ---p 00000000 00:00 0 
71aa6d92c000-71aa6d93c000 rw-p 00000000 00:00 0 
71aa6d93c000-71aa6da17000 ---p 00000000 00:00 0 
71aa6da17000-71aa6da1b000 ---p 00000000 00:00 0 
71aa6da1b000-71aa6db17000 rw-p 00000000 00:00 0 
71aa6db17000-71aa6db27000 r--p 00000000 103:01 9048162                   /usr/lib/x86_64-linux-gnu/libm.so.6
71aa6db27000-71aa6dba6000 r-xp 00010000 103:01 9048162                   /usr/lib/x86_64-linux-gnu/libm.so.6
71aa6dba6000-71aa6dbfe000 r--p 0008f000 103:01 9048162                   /usr/lib/x86_64-linux-gnu/libm.so.6
71aa6dbfe000-71aa6dbff000 r--p 000e7000 103:01 9048162                   /usr/lib/x86_64-linux-gnu/libm.so.6
71aa6dbff000-71aa6dc00000 rw-p 000e8000 103:01 9048162                   /usr/lib/x86_64-linux-gnu/libm.so.6
71aa6dc00000-71aa6f019000 r-xp 00000000 103:01 29755028                  /home/roshane/.sdkman/candidates/java/21.0.4-zulu/lib/server/libjvm.so
71aa6f019000-71aa6f0ea000 r--p 01418000 103:01 29755028                  /home/roshane/.sdkman/candidates/java/21.0.4-zulu/lib/server/libjvm.so
71aa6f0ea000-71aa6f11a000 rw-p 014e9000 103:01 29755028                  /home/roshane/.sdkman/candidates/java/21.0.4-zulu/lib/server/libjvm.so
71aa6f11a000-71aa6f180000 rw-p 00000000 00:00 0 
71aa6f181000-71aa6f18d000 r-xp 00000000 103:01 29754992                  /home/roshane/.sdkman/candidates/java/21.0.4-zulu/lib/libnet.so
71aa6f18d000-71aa6f18e000 r--p 0000b000 103:01 29754992                  /home/roshane/.sdkman/candidates/java/21.0.4-zulu/lib/libnet.so
71aa6f18e000-71aa6f18f000 rw-p 0000c000 103:01 29754992                  /home/roshane/.sdkman/candidates/java/21.0.4-zulu/lib/libnet.so
71aa6f18f000-71aa6f1d5000 rw-p 00000000 00:00 0 
71aa6f1d5000-71aa6f1dc000 ---p 00000000 00:00 0 
71aa6f1dc000-71aa6f1fc000 r-xp 00000000 103:01 29754993                  /home/roshane/.sdkman/candidates/java/21.0.4-zulu/lib/libjava.so
71aa6f1fc000-71aa6f1fd000 ---p 00020000 103:01 29754993                  /home/roshane/.sdkman/candidates/java/21.0.4-zulu/lib/libjava.so
71aa6f1fd000-71aa6f1fe000 r--p 00020000 103:01 29754993                  /home/roshane/.sdkman/candidates/java/21.0.4-zulu/lib/libjava.so
71aa6f1fe000-71aa6f1ff000 rw-p 00021000 103:01 29754993                  /home/roshane/.sdkman/candidates/java/21.0.4-zulu/lib/libjava.so
71aa6f1ff000-71aa6f200000 rw-p 00000000 00:00 0 
71aa6f200000-71aa6f228000 r--p 00000000 103:01 9048159                   /usr/lib/x86_64-linux-gnu/libc.so.6
71aa6f228000-71aa6f3b0000 r-xp 00028000 103:01 9048159                   /usr/lib/x86_64-linux-gnu/libc.so.6
71aa6f3b0000-71aa6f3ff000 r--p 001b0000 103:01 9048159                   /usr/lib/x86_64-linux-gnu/libc.so.6
71aa6f3ff000-71aa6f403000 r--p 001fe000 103:01 9048159                   /usr/lib/x86_64-linux-gnu/libc.so.6
71aa6f403000-71aa6f405000 rw-p 00202000 103:01 9048159                   /usr/lib/x86_64-linux-gnu/libc.so.6
71aa6f405000-71aa6f412000 rw-p 00000000 00:00 0 
71aa6f415000-71aa6f430000 r-xp 00000000 103:01 29754982                  /home/roshane/.sdkman/candidates/java/21.0.4-zulu/lib/libjimage.so
71aa6f430000-71aa6f431000 ---p 0001b000 103:01 29754982                  /home/roshane/.sdkman/candidates/java/21.0.4-zulu/lib/libjimage.so
71aa6f431000-71aa6f433000 r--p 0001b000 103:01 29754982                  /home/roshane/.sdkman/candidates/java/21.0.4-zulu/lib/libjimage.so
71aa6f433000-71aa6f434000 rw-p 0001d000 103:01 29754982                  /home/roshane/.sdkman/candidates/java/21.0.4-zulu/lib/libjimage.so
71aa6f434000-71aa6f435000 r--p 00000000 103:01 9048173                   /usr/lib/x86_64-linux-gnu/librt.so.1
71aa6f435000-71aa6f436000 r-xp 00001000 103:01 9048173                   /usr/lib/x86_64-linux-gnu/librt.so.1
71aa6f436000-71aa6f437000 r--p 00002000 103:01 9048173                   /usr/lib/x86_64-linux-gnu/librt.so.1
71aa6f437000-71aa6f438000 r--p 00002000 103:01 9048173                   /usr/lib/x86_64-linux-gnu/librt.so.1
71aa6f438000-71aa6f439000 rw-p 00003000 103:01 9048173                   /usr/lib/x86_64-linux-gnu/librt.so.1
71aa6f439000-71aa6f43d000 rw-p 00000000 00:00 0 
71aa6f43d000-71aa6f43e000 r--p 00000000 103:01 9048161                   /usr/lib/x86_64-linux-gnu/libdl.so.2
71aa6f43e000-71aa6f43f000 r-xp 00001000 103:01 9048161                   /usr/lib/x86_64-linux-gnu/libdl.so.2
71aa6f43f000-71aa6f440000 r--p 00002000 103:01 9048161                   /usr/lib/x86_64-linux-gnu/libdl.so.2
71aa6f440000-71aa6f441000 r--p 00002000 103:01 9048161                   /usr/lib/x86_64-linux-gnu/libdl.so.2
71aa6f441000-71aa6f442000 rw-p 00003000 103:01 9048161                   /usr/lib/x86_64-linux-gnu/libdl.so.2
71aa6f442000-71aa6f443000 r--p 00000000 103:01 9048171                   /usr/lib/x86_64-linux-gnu/libpthread.so.0
71aa6f443000-71aa6f444000 r-xp 00001000 103:01 9048171                   /usr/lib/x86_64-linux-gnu/libpthread.so.0
71aa6f444000-71aa6f445000 r--p 00002000 103:01 9048171                   /usr/lib/x86_64-linux-gnu/libpthread.so.0
71aa6f445000-71aa6f446000 r--p 00002000 103:01 9048171                   /usr/lib/x86_64-linux-gnu/libpthread.so.0
71aa6f446000-71aa6f447000 rw-p 00003000 103:01 9048171                   /usr/lib/x86_64-linux-gnu/libpthread.so.0
71aa6f447000-71aa6f456000 r-xp 00000000 103:01 29755041                  /home/roshane/.sdkman/candidates/java/21.0.4-zulu/lib/libjli.so
71aa6f456000-71aa6f457000 r--p 0000e000 103:01 29755041                  /home/roshane/.sdkman/candidates/java/21.0.4-zulu/lib/libjli.so
71aa6f457000-71aa6f458000 rw-p 0000f000 103:01 29755041                  /home/roshane/.sdkman/candidates/java/21.0.4-zulu/lib/libjli.so
71aa6f458000-71aa6f45a000 r--p 00000000 103:01 9045157                   /usr/lib/x86_64-linux-gnu/libz.so.1.3
71aa6f45a000-71aa6f46c000 r-xp 00002000 103:01 9045157                   /usr/lib/x86_64-linux-gnu/libz.so.1.3
71aa6f46c000-71aa6f472000 r--p 00014000 103:01 9045157                   /usr/lib/x86_64-linux-gnu/libz.so.1.3
71aa6f472000-71aa6f473000 r--p 0001a000 103:01 9045157                   /usr/lib/x86_64-linux-gnu/libz.so.1.3
71aa6f473000-71aa6f474000 rw-p 0001b000 103:01 9045157                   /usr/lib/x86_64-linux-gnu/libz.so.1.3
71aa6f479000-71aa6f47b000 r-xp 00000000 103:01 29754994                  /home/roshane/.sdkman/candidates/java/21.0.4-zulu/lib/libextnet.so
71aa6f47b000-71aa6f47c000 r--p 00001000 103:01 29754994                  /home/roshane/.sdkman/candidates/java/21.0.4-zulu/lib/libextnet.so
71aa6f47c000-71aa6f47d000 rw-p 00002000 103:01 29754994                  /home/roshane/.sdkman/candidates/java/21.0.4-zulu/lib/libextnet.so
71aa6f47d000-71aa6f485000 rw-s 00000000 103:01 18743371                  /tmp/hsperfdata_roshane/49760
71aa6f485000-71aa6f486000 ---p 00000000 00:00 0 
71aa6f486000-71aa6f487000 r--p 00000000 00:00 0 
71aa6f487000-71aa6f488000 ---p 00000000 00:00 0 
71aa6f488000-71aa6f48a000 rw-p 00000000 00:00 0 
71aa6f48a000-71aa6f48b000 r--p 00000000 103:01 9048156                   /usr/lib/x86_64-linux-gnu/ld-linux-x86-64.so.2
71aa6f48b000-71aa6f4b6000 r-xp 00001000 103:01 9048156                   /usr/lib/x86_64-linux-gnu/ld-linux-x86-64.so.2
71aa6f4b6000-71aa6f4c0000 r--p 0002c000 103:01 9048156                   /usr/lib/x86_64-linux-gnu/ld-linux-x86-64.so.2
71aa6f4c0000-71aa6f4c2000 r--p 00036000 103:01 9048156                   /usr/lib/x86_64-linux-gnu/ld-linux-x86-64.so.2
71aa6f4c2000-71aa6f4c4000 rw-p 00038000 103:01 9048156                   /usr/lib/x86_64-linux-gnu/ld-linux-x86-64.so.2
7ffffc534000-7ffffc556000 rw-p 00000000 00:00 0                          [stack]
7ffffc594000-7ffffc598000 r--p 00000000 00:00 0                          [vvar]
7ffffc598000-7ffffc59a000 r-xp 00000000 00:00 0                          [vdso]
ffffffffff600000-ffffffffff601000 --xp 00000000 00:00 0                  [vsyscall]
Total number of mappings: 332

VM Arguments:
java_command: target/opencsv-test-0.0.1-SNAPSHOT.jar
java_class_path (initial): target/opencsv-test-0.0.1-SNAPSHOT.jar
Launcher Type: SUN_STANDARD

Logging:
Available log levels: off, trace, debug, info, warning, error
Available log decorators: time (t), utctime (utc), uptime (u), timemillis (tm), uptimemillis (um), timenanos (tn), uptimenanos (un), hostname (hn), pid (p), tid (ti), level (l), tags (tg)
Available log tags: add, age, alloc, annotation, arguments, attach, barrier, blocks, bot, breakpoint, bytecode, cds, census, class, classhisto, cleanup, codecache, compaction, compilation, condy, constantpool, constraints, container, continuations, coops, cpu, cset, data, datacreation, dcmd, decoder, defaultmethods, deoptimization, dependencies, director, dump, dynamic, ergo, event, exceptions, exit, fastlock, finalizer, fingerprint, free, freelist, gc, handshake, hashtables, heap, humongous, ihop, iklass, indy, init, inlining, install, interpreter, itables, jfr, jit, jni, jvmci, jvmti, lambda, library, liveness, load, loader, logging, malloc, map, mark, marking, membername, memops, metadata, metaspace, methodcomparator, methodhandles, mirror, mmu, module, monitorinflation, monitormismatch, nestmates, nmethod, nmt, normalize, numa, objecttagging, obsolete, oldobject, oom, oopmap, oops, oopstorage, os, owner, page, pagesize, parser, patch, path, perf, periodic, phases, plab, placeholders, preempt, preorder, preview, promotion, protectiondomain, ptrqueue, purge, record, redefine, ref, refine, region, reloc, remset, resolve, safepoint, sampling, scavenge, sealed, setting, smr, stackbarrier, stackmap, stacktrace, stackwalk, start, startup, startuptime, state, stats, streaming, stringdedup, stringtable, stubs, subclass, survivor, suspend, sweep, symboltable, system, table, task, thread, throttle, timer, tlab, tracking, trimnative, unload, unmap, unshareable, update, valuebasedclasses, verification, verify, vmmutex, vmoperation, vmthread, vtables, vtablestubs
Described tag sets:
 logging: Logging for the log framework itself
Log output configuration:
 #0: stdout all=warning uptime,level,tags foldmultilines=false
 #1: stderr all=off uptime,level,tags foldmultilines=false

Environment Variables:
JAVA_HOME=/home/roshane/.sdkman/candidates/java/current
PATH=/home/roshane/.nvm/versions/node/v20.17.0/bin:/home/roshane/.sdkman/candidates/jmc/current/bin:/home/roshane/.sdkman/candidates/java/current/bin:/home/roshane/.local/bin:/usr/local/sbin:/usr/local/bin:/usr/sbin:/usr/bin:/sbin:/bin:/usr/games:/usr/local/games:/snap/bin:/home/roshane/.local/bin
SHELL=/bin/bash
DISPLAY=:0
OSTYPE=linux-gnu
LANG=en_SG.UTF-8
TERM=xterm-256color

Active Locale:
LC_ALL=en_SG.UTF-8
LC_COLLATE=en_SG.UTF-8
LC_CTYPE=en_SG.UTF-8
LC_MESSAGES=en_SG.UTF-8
LC_MONETARY=en_SG.UTF-8
LC_NUMERIC=en_SG.UTF-8
LC_TIME=en_SG.UTF-8

Signal Handlers:
   SIGSEGV: javaSignalHandler in libjvm.so, mask=11100100010111111101111111111110, flags=SA_RESTART|SA_SIGINFO, unblocked
    SIGBUS: javaSignalHandler in libjvm.so, mask=11100100010111111101111111111110, flags=SA_RESTART|SA_SIGINFO, unblocked
    SIGFPE: javaSignalHandler in libjvm.so, mask=11100100010111111101111111111110, flags=SA_RESTART|SA_SIGINFO, unblocked
   SIGPIPE: javaSignalHandler in libjvm.so, mask=11100100010111111101111111111110, flags=SA_RESTART|SA_SIGINFO, unblocked
   SIGXFSZ: javaSignalHandler in libjvm.so, mask=11100100010111111101111111111110, flags=SA_RESTART|SA_SIGINFO, unblocked
    SIGILL: javaSignalHandler in libjvm.so, mask=11100100010111111101111111111110, flags=SA_RESTART|SA_SIGINFO, unblocked
   SIGUSR2: SR_handler in libjvm.so, mask=00000000000000000000000000000000, flags=SA_RESTART|SA_SIGINFO, unblocked
    SIGHUP: UserHandler in libjvm.so, mask=11100100010111111101111111111110, flags=SA_RESTART|SA_SIGINFO, unblocked
    SIGINT: UserHandler in libjvm.so, mask=11100100010111111101111111111110, flags=SA_RESTART|SA_SIGINFO, unblocked
   SIGTERM: UserHandler in libjvm.so, mask=11100100010111111101111111111110, flags=SA_RESTART|SA_SIGINFO, unblocked
   SIGQUIT: UserHandler in libjvm.so, mask=11100100010111111101111111111110, flags=SA_RESTART|SA_SIGINFO, blocked
   SIGTRAP: SIG_DFL, mask=00000000000000000000000000000000, flags=none, unblocked


Periodic native trim disabled

---------------  S Y S T E M  ---------------

OS:
DISTRIB_ID=LinuxMint
DISTRIB_RELEASE=22
DISTRIB_CODENAME=wilma
DISTRIB_DESCRIPTION="Linux Mint 22 Wilma"
uname: Linux 6.8.0-44-generic #44-Ubuntu SMP PREEMPT_DYNAMIC Tue Aug 13 13:35:26 UTC 2024 x86_64
OS uptime: 0 days 10:45 hours
libc: glibc 2.39 NPTL 2.39 
rlimit (soft/hard): STACK 8192k/infinity , CORE 0k/infinity , NPROC 62577/62577 , NOFILE 1048576/1048576 , AS infinity/infinity , CPU infinity/infinity , DATA infinity/infinity , FSIZE infinity/infinity , MEMLOCK 2012260k/2012260k
load average: 6.82 8.10 8.57

/proc/meminfo:
MemTotal:       16098100 kB
MemFree:         2516700 kB
MemAvailable:    5499840 kB
Buffers:          267004 kB
Cached:          6714936 kB
SwapCached:       552256 kB
Active:          7962872 kB
Inactive:        4327400 kB
Active(anon):    7092632 kB
Inactive(anon):  2133124 kB
Active(file):     870240 kB
Inactive(file):  2194276 kB
Unevictable:      421748 kB
Mlocked:             144 kB
SwapTotal:      15999996 kB
SwapFree:       14097564 kB
Zswap:                 0 kB
Zswapped:              0 kB
Dirty:                28 kB
Writeback:             0 kB
AnonPages:       5670928 kB
Mapped:          2698636 kB
Shmem:           3917424 kB
KReclaimable:     264692 kB
Slab:             467100 kB
SReclaimable:     264692 kB
SUnreclaim:       202408 kB
KernelStack:       22244 kB
PageTables:        72680 kB
SecPageTables:      3288 kB
NFS_Unstable:          0 kB
Bounce:                0 kB
WritebackTmp:          0 kB
CommitLimit:    24049044 kB
Committed_AS:   24742444 kB
VmallocTotal:   34359738367 kB
VmallocUsed:      167344 kB
VmallocChunk:          0 kB
Percpu:             7552 kB
HardwareCorrupted:     0 kB
AnonHugePages:         0 kB
ShmemHugePages:  1994752 kB
ShmemPmdMapped:        0 kB
FileHugePages:         0 kB
FilePmdMapped:         0 kB
Unaccepted:            0 kB
HugePages_Total:       0
HugePages_Free:        0
HugePages_Rsvd:        0
HugePages_Surp:        0
Hugepagesize:       2048 kB
Hugetlb:               0 kB
DirectMap4k:      535324 kB
DirectMap2M:    11771904 kB
DirectMap1G:     5242880 kB

/sys/kernel/mm/transparent_hugepage/enabled: always [madvise] never
/sys/kernel/mm/transparent_hugepage/hpage_pmd_size: 2097152
/sys/kernel/mm/transparent_hugepage/defrag (defrag/compaction efforts parameter): always defer defer+madvise [madvise] never

Process Memory:
Virtual Size: 8571516K (peak: 8571516K)
Resident Set Size: 191976K (peak: 210184K) (anon: 167920K, file: 24056K, shmem: 0K)
Swapped out: 0K
C-Heap outstanding allocations: 41453K, retained: 46422K
glibc malloc tunables: (default)

/proc/sys/kernel/threads-max (system-wide limit on the number of threads): 125154
/proc/sys/vm/max_map_count (maximum number of memory map areas a process may have): 1048576
/proc/sys/vm/swappiness (control to define how aggressively the kernel swaps out anonymous memory): 60
/proc/sys/kernel/pid_max (system-wide limit on number of process identifiers): 4194304

container (cgroup) information:
container_type: cgroupv2
cpu_cpuset_cpus: not supported
cpu_memory_nodes: not supported
active_processor_count: 8
cpu_quota: no quota
cpu_period: 100000
cpu_shares: no shares
memory_limit_in_bytes: unlimited
memory_and_swap_limit_in_bytes: unlimited
memory_soft_limit_in_bytes: unlimited
memory_usage_in_bytes: 8259524 k
memory_max_usage_in_bytes: not supported
memory_swap_current_in_bytes: 1775596 k
memory_swap_max_limit_in_bytes: unlimited
maximum number of tasks: unlimited
current number of tasks: 809

Steal ticks since vm start: 0
Steal ticks percentage since vm start:  0.000

CPU: total 8 (initial active 8) (4 cores per cpu, 2 threads per core) family 6 model 158 stepping 9 microcode 0xf8, cx8, cmov, fxsr, ht, mmx, 3dnowpref, sse, sse2, sse3, ssse3, sse4.1, sse4.2, popcnt, lzcnt, tsc, tscinvbit, avx, avx2, aes, erms, clmul, bmi1, bmi2, adx, fma, vzeroupper, clflush, clflushopt, rdtscp, f16c
CPU Model and flags from /proc/cpuinfo:
model name	: Intel(R) Core(TM) i7-7700HQ CPU @ 2.80GHz
flags		: fpu vme de pse tsc msr pae mce cx8 apic sep mtrr pge mca cmov pat pse36 clflush dts acpi mmx fxsr sse sse2 ss ht tm pbe syscall nx pdpe1gb rdtscp lm constant_tsc art arch_perfmon pebs bts rep_good nopl xtopology nonstop_tsc cpuid aperfmperf pni pclmulqdq dtes64 monitor ds_cpl vmx est tm2 ssse3 sdbg fma cx16 xtpr pdcm pcid sse4_1 sse4_2 x2apic movbe popcnt tsc_deadline_timer aes xsave avx f16c rdrand lahf_lm abm 3dnowprefetch cpuid_fault epb pti ssbd ibrs ibpb stibp tpr_shadow flexpriority ept vpid ept_ad fsgsbase tsc_adjust sgx bmi1 avx2 smep bmi2 erms invpcid mpx rdseed adx smap clflushopt intel_pt xsaveopt xsavec xgetbv1 xsaves dtherm ida arat pln pts hwp hwp_notify hwp_act_window hwp_epp vnmi md_clear flush_l1d arch_capabilities

Online cpus: 0-7
Offline cpus: 
BIOS frequency limitation: <Not Available>
Frequency switch latency (ns): 0
Available cpu frequencies: <Not Available>
Current governor: powersave
Core performance/turbo boost: <Not Available>

Memory: 4k page, physical 16098100k(5499840k free), swap 15999996k(14097564k free)
Page Sizes: 4k

vm_info: OpenJDK 64-Bit Server VM (21.0.4+7-LTS) for linux-amd64 JRE (21.0.4+7-LTS) (Zulu21.36+17-CA), built on 2024-07-09T22:03:24Z by "zulu_re" with gcc 11.2.0

END.
